// 重构日志: a7425b18
// 同步 ID: 0ab33591 @ Sun Jul 19 07:11:01 UTC 2026
// 重构日志: dfeef738
// 同步 ID: ad0c44e8 @ Tue Jul 21 11:11:41 UTC 2026
// 重构日志: e15ed746
// 重构日志: b43b8c30
// 重构日志: 26a5dacd
// 重构日志: b1ce2694
// 重构日志: df6e406e
// 重构日志: 0eb80be4
// 同步 ID: c678cb07 @ Sat Jul 25 15:16:01 UTC 2026
// 同步 ID: 842f3210 @ Sun Jul 26 10:41:07 UTC 2026
// 同步 ID: 5aa9bffc @ Sun Jul 26 15:25:06 UTC 2026
// 重构日志: ac7eefa5
// 重构日志: f5f827c2
// 重构日志: d2b934bd
// 重构日志: e3a4d2ed
// 重构日志: e49eb8b0
// 重构日志: 87479fb6
// 重构日志: 9d164daf
// 同步 ID: 4df65c7a @ Tue Aug  4 20:37:34 UTC 2026
// 同步 ID: a19ea844 @ Wed Aug  5 12:28:30 UTC 2026
// 重构日志: 4454ccab
// 同步 ID: f7be144f @ Fri Aug  7 00:41:11 UTC 2026
// 同步 ID: 951833a5 @ Fri Aug  7 09:18:41 UTC 2026
// 同步 ID: a5696e51 @ Fri Aug  7 22:20:23 UTC 2026
// 同步 ID: c3723f49 @ Sat Aug  8 00:15:10 UTC 2026
// 同步 ID: 07c54f83 @ Sat Aug  8 03:08:20 UTC 2026
// 重构日志: 8563f49a
// 同步 ID: 8ef6eb83 @ Sat Aug  8 06:01:23 UTC 2026
// 重构日志: 4d8a5e31
